// Jest Snapshot v1, https://goo.gl/fbAQLP

exports[`App functionality should render the components correctly 1`] = `
Object {
  "asFragment": [Function],
  "baseElement": <body>
    <div>
      <div>
        <h1
          class="sc-iBPTik kXpFsL"
        >
          nunffsaid.com Coding Challenge
        </h1>
        <div
          class="sc-fubCzh ibgszL"
        >
          <div
            class="sc-jSgvzq cSyPzI"
          >
            <button
              class="sc-gKseQn dquRBr"
            >
              STOP
            </button>
          </div>
          <div
            class="sc-jSgvzq cSyPzI"
          >
            <button
              class="sc-gKseQn dquRBr"
            >
              CLEAR
            </button>
          </div>
        </div>
        <div
          class="sc-hKgJUU bXmkWD"
        >
          <div
            class="sc-eCstlR hYyfgm"
          >
            <div>
              Error Type 1
            </div>
            <div>
              Count 0
            </div>
          </div>
          <div
            class="sc-eCstlR hYyfgm"
          >
            <div>
              Warning Type 2
            </div>
            <div>
              Count 0
            </div>
          </div>
          <div
            class="sc-eCstlR hYyfgm"
          >
            <div>
              Info Type 3
            </div>
            <div>
              Count 1
            </div>
            <div
              class="sc-bdfBQB kdxtmC"
              type="2"
            >
              <span
                class="sc-gsTEea hKnFKv"
              >
                Provident omnis voluptas modi vel enim.
              </span>
              <span
                class="sc-dlfnuX einvaF"
              >
                Clear
              </span>
            </div>
          </div>
        </div>
        <div
          class="sc-pGacB fTQQLE"
        />
      </div>
    </div>
  </body>,
  "container": <div>
    <div>
      <h1
        class="sc-iBPTik kXpFsL"
      >
        nunffsaid.com Coding Challenge
      </h1>
      <div
        class="sc-fubCzh ibgszL"
      >
        <div
          class="sc-jSgvzq cSyPzI"
        >
          <button
            class="sc-gKseQn dquRBr"
          >
            STOP
          </button>
        </div>
        <div
          class="sc-jSgvzq cSyPzI"
        >
          <button
            class="sc-gKseQn dquRBr"
          >
            CLEAR
          </button>
        </div>
      </div>
      <div
        class="sc-hKgJUU bXmkWD"
      >
        <div
          class="sc-eCstlR hYyfgm"
        >
          <div>
            Error Type 1
          </div>
          <div>
            Count 0
          </div>
        </div>
        <div
          class="sc-eCstlR hYyfgm"
        >
          <div>
            Warning Type 2
          </div>
          <div>
            Count 0
          </div>
        </div>
        <div
          class="sc-eCstlR hYyfgm"
        >
          <div>
            Info Type 3
          </div>
          <div>
            Count 1
          </div>
          <div
            class="sc-bdfBQB kdxtmC"
            type="2"
          >
            <span
              class="sc-gsTEea hKnFKv"
            >
              Provident omnis voluptas modi vel enim.
            </span>
            <span
              class="sc-dlfnuX einvaF"
            >
              Clear
            </span>
          </div>
        </div>
      </div>
      <div
        class="sc-pGacB fTQQLE"
      />
    </div>
  </div>,
  "debug": [Function],
  "findAllByAltText": [Function],
  "findAllByDisplayValue": [Function],
  "findAllByLabelText": [Function],
  "findAllByPlaceholderText": [Function],
  "findAllByRole": [Function],
  "findAllByTestId": [Function],
  "findAllByText": [Function],
  "findAllByTitle": [Function],
  "findByAltText": [Function],
  "findByDisplayValue": [Function],
  "findByLabelText": [Function],
  "findByPlaceholderText": [Function],
  "findByRole": [Function],
  "findByTestId": [Function],
  "findByText": [Function],
  "findByTitle": [Function],
  "getAllByAltText": [Function],
  "getAllByDisplayValue": [Function],
  "getAllByLabelText": [Function],
  "getAllByPlaceholderText": [Function],
  "getAllByRole": [Function],
  "getAllByTestId": [Function],
  "getAllByText": [Function],
  "getAllByTitle": [Function],
  "getByAltText": [Function],
  "getByDisplayValue": [Function],
  "getByLabelText": [Function],
  "getByPlaceholderText": [Function],
  "getByRole": [Function],
  "getByTestId": [Function],
  "getByText": [Function],
  "getByTitle": [Function],
  "queryAllByAltText": [Function],
  "queryAllByDisplayValue": [Function],
  "queryAllByLabelText": [Function],
  "queryAllByPlaceholderText": [Function],
  "queryAllByRole": [Function],
  "queryAllByTestId": [Function],
  "queryAllByText": [Function],
  "queryAllByTitle": [Function],
  "queryByAltText": [Function],
  "queryByDisplayValue": [Function],
  "queryByLabelText": [Function],
  "queryByPlaceholderText": [Function],
  "queryByRole": [Function],
  "queryByTestId": [Function],
  "queryByText": [Function],
  "queryByTitle": [Function],
  "rerender": [Function],
  "unmount": [Function],
}
`;
